(agda2-status-action "")
(agda2-info-action "*Type-checking*" "" nil)
(agda2-highlight-clear)
(agda2-status-action "")
(agda2-info-action "*All Goals, Warnings*" "?0 : {x : A} → B → B ———— Warnings —————————————————————————————————————————————— Issue1873.agda:10.1-30: warning: -W[no]UnusedVariablesInDisplayForm The following variable is bound on the left hand side but unused on the right hand side of the display form: y Replace it by an underscore to pacify this warning when scope checking the declaration {-# DISPLAY const x y = x #-}" nil)
((last . 1) . (agda2-goals-action '(0)))
